// Jest Snapshot v1, https://goo.gl/fbAQLP

exports[`Prubas en <HomeScreen/> debe de mostrase correctamente 1`] = `
<div>
  <h1>
    HomeScreen
  </h1>
  <hr />
  <pre
    className="container"
  >
    {
   "name": "Rebeca",
   "email": "test@test.com"
}
  </pre>
</div>
`;
